/home/ubuntu/.local/lib/python3.10/site-packages/torch/cuda/__init__.py:61: FutureWarning: The pynvml package is deprecated. Please install nvidia-ml-py instead. If you did not install pynvml directly, please report this to the maintainers of the package that installed pynvml for you.
  import pynvml  # type: ignore[import]
[transformers] `torch_dtype` is deprecated! Use `dtype` instead!
Loading weights:   0%|          | 0/201 [00:00<?, ?it/s]Loading weights:  78%|███████▊  | 157/201 [00:00<00:00, 1526.58it/s]Loading weights: 100%|██████████| 201/201 [00:00<00:00, 1562.27it/s]
[cipher_v2] tenant 'cp54_baseline' registered for pid=1605994 tgid=1605994
[cipher_v2] ARB: arbitrate initialized (fd=8)
[cipher_v2] SMP: sm_packer initialized (threshold=4096 threads, 32 stream slots)
[cipher_v2] PR: cipher_rt_pr_init entered
[cipher_v2] PR: partition router initialized (cache=256 slots, tenant_handle=0x633b1d9f)
[cipher_v2] ARB-poll: thread started, cadence=30s
[cipher_v2] CUPTI subscribed: kernel launch callbacks active (flush every 256 launches); cuStreamCreate hooks armed
[cipher_v2] MATMUL: substrate initialized (max 16 actuators; first registration awaited)
[cipher_v2] MARLIN: actuator DISABLED (CIPHER_MARLIN not set)
[cipher-attn] substrate active (torch verified 2.11.0+cu130); symbol resolution is lazy per-call
[cipher-attn-test] disabled (CIPHER_ATTN_TEST unset)
[cipher-audit] disabled (CIPHER_AUDIT unset)
[cipher_v2] GOT: patch applied -- 8 slot(s) across 300 module(s); 4 target(s) registered
[cipher_v2] GREEN: device 0 has 132 SMs total; splitting into 16 groups of 8 SMs each
[cipher_v2] GREEN: split returned nb_groups=15 (requested 16); remaining 12 SMs unallocated
[cipher_v2] GREEN: tenant_handle=0x633b1d9f pid=1605994 → selecting group 1 of 15 (each group has 8 SMs)
[cipher_v2] GREEN: green context bound to group 1 with 8 SMs (CUcontext=0x62a11aa39ab0)
[cipher_v2] ARB: REQUEST_SM_PARTITION rc=-1 errno=38 Function not implemented
[cipher_v2] CUBLAS-SHIM: real cublasGemmEx=0x7328514e16d0 getStream=0x73285156e140 resolved
[cipher_v2] GREEN: push fired (observation #1, group 1)
[cipher_v2] GREEN: push fired (observation #2, group 1)
[cipher_v2] GREEN: push fired (observation #3, group 1)
TENANT_DONE gen_text: '<s> The history of computing spans several distinct eras, each defined by its key technologies and innovations. The first era, which began in the late 1800s and'
[cipher_v2] MATMUL: exit totals — calls=3875 handled=0 passthrough=3875 (actuators=0)
[cipher_v2] DIAG-T4.2.4d: total_launches=36823 streams_observed=32 ctx_swaps_to_green=36823
[cipher_v2] DIAG-T4.2.4d: on_our_green=0 on_other_green=0 on_primary=0 on_null_stream=36823
[cipher-attn] exit totals - tramp_calls=550 tramp_fake=0 observed=550 handled=0 passthrough=550 redirected=0 (flash=0 eff=0 cudnn=550)
