/home/ubuntu/.local/lib/python3.10/site-packages/torch/cuda/__init__.py:61: FutureWarning: The pynvml package is deprecated. Please install nvidia-ml-py instead. If you did not install pynvml directly, please report this to the maintainers of the package that installed pynvml for you.
  import pynvml  # type: ignore[import]
[cipher_v2] tenant 'cp54_sc2' registered for pid=1607003 tgid=1607003
[cipher_v2] GREEN/CP54: ALLOCATE ok — qos=1 sm_count=0 -> grp_mask=0x0000 grp_count=0
[cipher_v2] SMP: sm_packer initialized (threshold=4096 threads, 32 stream slots)
[cipher_v2] PR: cipher_rt_pr_init entered
[cipher_v2] PR: partition router initialized (cache=256 slots, tenant_handle=0x5b9d13bc)
[cipher_v2] CUPTI subscribed: kernel launch callbacks active (flush every 256 launches); cuStreamCreate hooks armed
[cipher_v2] MATMUL: substrate initialized (max 16 actuators; first registration awaited)
[cipher_v2] MARLIN: actuator DISABLED (CIPHER_MARLIN not set)
[cipher-attn] substrate active (torch verified 2.11.0+cu130); symbol resolution is lazy per-call
[cipher-attn-test] disabled (CIPHER_ATTN_TEST unset)
[cipher-audit] disabled (CIPHER_AUDIT unset)
[cipher_v2] GOT: patch applied -- 8 slot(s) across 285 module(s); 4 target(s) registered
[cipher-kvalloc] init: pool=0.1 GiB page=2048 KiB n_pages=32 (verified 13.0 / driver 580.105.08 / H100)
[transformers] `torch_dtype` is deprecated! Use `dtype` instead!
Loading weights:   0%|          | 0/201 [00:00<?, ?it/s]Loading weights:  76%|███████▌  | 153/201 [00:00<00:00, 1522.60it/s]Loading weights: 100%|██████████| 201/201 [00:00<00:00, 1532.58it/s]
[cipher_v2] GREEN: CP 5.4 qos=shared — tenant owns no SM groups; no green context created (runs on primary context; pool binding lands in Step 1.3b')
[cipher_v2] CUBLAS-SHIM: real cublasGemmEx=0x78ecb58e16d0 getStream=0x78ecb596e140 resolved
[cipher-kvalloc] weight_arena: tenant=1 size=2.07 GiB va=0x306000000
teacher-forced seq len: 15
params: 201 tensors, 2.200 GB
arena cursor used: 2200096768 of 2216873984
memcmp model.embed_tokens.weight bytes-identical -> True
page_info(weight tensor): {'kind': 'weight', 'tenant_id': 1, 'vmm_handle': '0x61f551a7df70'}
page_info(non-CIPHER ptr): None
export_fd: 48 fstat_ok: True
teacher-forced KL: mean=0.000e+00 max=0.000e+00
logits max abs diff: 0.000e+00

=== SC2 RESULT ===
{
  "n_param_tensors": 201,
  "total_weight_bytes": 2200096768,
  "arena_base_hex": "0x306000000",
  "copy_torch_equal_all": true,
  "memcmp_param": "model.embed_tokens.weight",
  "memcmp_bytes_identical": true,
  "page_info": {
    "kind": "weight",
    "tenant_id": 1,
    "vmm_handle": "0x61f551a7df70"
  },
  "page_info_noncipher": null,
  "export_fd": 48,
  "export_fd_valid": true,
  "kl_mean": 0.0,
  "kl_max": 0.0,
  "logits_max_abs_diff": 0.0,
  "gate_1_vmm_backed": true,
  "gate_2_page_info": true,
  "gate_3_memcmp": true,
  "gate_4_kl": true,
  "gate_5_export": true,
  "copy_equal": true,
  "SC2_PASS": true
}
SC2_PASS: True
[cipher_v2] MATMUL: exit totals — calls=310 handled=0 passthrough=310 (actuators=0)
[cipher_v2] DIAG-T4.2.4d: total_launches=3748 streams_observed=0 ctx_swaps_to_green=0
[cipher_v2] DIAG-T4.2.4d: on_our_green=0 on_other_green=0 on_primary=0 on_null_stream=3748
[cipher-attn] exit totals - tramp_calls=44 tramp_fake=0 observed=44 handled=0 passthrough=44 redirected=0 (flash=0 eff=0 cudnn=44)
