[15:10:05] === Phase 4 all-batches baseline runner under cipher_kmod 0.4.3
[15:10:05] srcversion: 335F54871889FFF2C36E3B0
[15:10:05] started: 2026-05-13T15:10:05Z
[15:10:07] === BATCH 1 ===
[15:10:07] --- WL01: starting (duration=600s)
[15:20:37] --- WL01: done (rc=0)
[15:20:37] --- WL02: starting (duration=600s)
[15:31:07] --- WL02: done (rc=0)
[15:31:07] --- WL06: starting (duration=600s)
[15:41:37] --- WL06: done (rc=0)
[15:41:37] --- WL11: starting (duration=600s)
[15:52:07] --- WL11: done (rc=0)
[15:52:07] --- WL14: starting (duration=600s)
[16:02:37] --- WL14: done (rc=0)
[16:02:37] --- WL15: starting (duration=600s)
[16:13:07] --- WL15: done (rc=0)
[16:13:07] === BATCH 2 ===
[16:13:07] --- WL03: starting (duration=600s)
[16:23:46] --- WL03: done (rc=0)
[16:23:46] --- WL04: starting (duration=600s)
[16:34:16] --- WL04: done (rc=0)
[16:34:16] --- WL07: starting (duration=600s)
[16:44:46] --- WL07: done (rc=0)
[16:44:46] --- WL08: starting (duration=600s)
[16:55:16] --- WL08: done (rc=0)
[16:55:16] --- WL12: starting (duration=600s)
[17:05:46] --- WL12: done (rc=0)
[17:05:46] === BATCH 3 ===
[17:05:46] --- WL09: starting (duration=600s)
[17:16:17] --- WL09: done (rc=0)
[17:16:17] --- WL10: starting (duration=600s)
[17:26:47] --- WL10: done (rc=0)
[17:26:47] --- WL13: starting (duration=600s)
[17:37:27] --- WL13: done (rc=0)
[17:37:27] --- WL16: starting (duration=600s)
[17:47:57] --- WL16: done (rc=0)
[17:47:57] --- WL17: starting (duration=600s)
[17:58:27] --- WL17: done (rc=0)
[17:58:27] === BATCH 4 ===
[17:58:27] --- WL19: starting (duration=600s)
[18:08:57] --- WL19: done (rc=0)
[18:08:57] --- WL20: starting (duration=600s)
[18:19:35] --- WL20: done (rc=0)
[18:19:35] --- WL21: starting (duration=600s)
[18:30:05] --- WL21: done (rc=0)
[18:30:05] --- WL22: starting (duration=600s)
[18:40:35] --- WL22: done (rc=0)
[18:40:35] --- WL23: starting (duration=600s)
[18:51:17] --- WL23: done (rc=0)
[18:51:17] --- WL24: starting (duration=600s)
[19:01:47] --- WL24: done (rc=0)
[19:01:47] === WL05 ===
[19:01:47] --- WL05 (multi-tenant ×8): starting (duration=600s)
[19:12:17] --- WL05: done (rc=0)
[19:12:17] === WL18 (deferred-multi-gpu marker) ===
[19:12:17] --- WL18: starting (duration=60s)
[19:13:48] --- WL18: done (rc=0)
[19:13:48] === ALL BATCHES DONE: 2026-05-13T19:13:48Z
